\BOOKMARK [1][-]{section.1}{\376\377\000D\000a\000t\000a\000\040\000M\000o\000d\000e\000l\000i\000n\000g\000\040\000a\000n\000d\000\040\000M\000a\000n\000a\000g\000e\000m\000e\000n\000t}{}% 1
\BOOKMARK [2][-]{subsection.1.1}{\376\377\000P\000e\000n\000g\000e\000n\000a\000l\000a\000n\000\040\000P\000e\000m\000o\000d\000e\000l\000a\000n\000\040\000D\000a\000t\000a}{section.1}% 2
\BOOKMARK [2][-]{subsection.1.2}{\376\377\000T\000i\000n\000g\000k\000a\000t\000a\000n\000\040\000M\000o\000d\000e\000l\000\040\000D\000a\000t\000a\000b\000a\000s\000e}{section.1}% 3
\BOOKMARK [2][-]{subsection.1.3}{\376\377\000N\000o\000r\000m\000a\000l\000i\000s\000a\000s\000i\000\040\000D\000a\000t\000a\000b\000a\000s\000e}{section.1}% 4
\BOOKMARK [2][-]{subsection.1.4}{\376\377\000M\000y\000S\000Q\000L\000\040\000W\000o\000r\000k\000b\000e\000n\000c\000h}{section.1}% 5
\BOOKMARK [2][-]{subsection.1.5}{\376\377\000D\000a\000t\000a\000\040\000W\000a\000r\000e\000h\000o\000u\000s\000i\000n\000g}{section.1}% 6
\BOOKMARK [2][-]{subsection.1.6}{\376\377\000P\000e\000m\000o\000d\000e\000l\000a\000n\000\040\000D\000a\000t\000a\000\040\000D\000i\000m\000e\000n\000s\000i\000o\000n\000a\000l}{section.1}% 7
\BOOKMARK [2][-]{subsection.1.7}{\376\377\000A\000n\000a\000l\000i\000s\000i\000s\000\040\000D\000a\000t\000a}{section.1}% 8
\BOOKMARK [2][-]{subsection.1.8}{\376\377\000A\000l\000a\000t\000\040\000A\000n\000a\000l\000i\000s\000i\000s\000\040\000D\000a\000t\000a}{section.1}% 9
\BOOKMARK [2][-]{subsection.1.9}{\376\377\000P\000e\000m\000o\000d\000e\000l\000a\000n\000\040\000D\000a\000t\000a}{section.1}% 10
\BOOKMARK [2][-]{subsection.1.10}{\376\377\000T\000i\000n\000g\000k\000a\000t\000\040\000P\000e\000m\000o\000d\000e\000l\000a\000n\000\040\000D\000a\000t\000a}{section.1}% 11
\BOOKMARK [2][-]{subsection.1.11}{\376\377\000T\000i\000p\000e\000-\000t\000i\000p\000e\000\040\000D\000a\000t\000a\000\040\000M\000o\000d\000e\000l}{section.1}% 12
\BOOKMARK [3][-]{subsubsection.1.11.1}{\376\377\000M\000o\000d\000e\000l\000\040\000D\000a\000t\000a\000\040\000R\000e\000l\000a\000s\000i\000o\000n\000a\000l}{subsection.1.11}% 13
\BOOKMARK [3][-]{subsubsection.1.11.2}{\376\377\000M\000o\000d\000e\000l\000\040\000E\000n\000t\000i\000t\000y\000\040\000R\000e\000l\000a\000t\000i\000o\000n\000s\000h\000i\000p}{subsection.1.11}% 14
\BOOKMARK [3][-]{subsubsection.1.11.3}{\376\377\000M\000o\000d\000e\000l\000\040\000D\000a\000t\000a\000\040\000H\000i\000e\000r\000a\000r\000k\000i\000s}{subsection.1.11}% 15
\BOOKMARK [3][-]{subsubsection.1.11.4}{\376\377\000M\000o\000d\000e\000l\000\040\000O\000b\000j\000e\000c\000t\000\040\000O\000r\000i\000e\000n\000t\000e\000d}{subsection.1.11}% 16
\BOOKMARK [3][-]{subsubsection.1.11.5}{\376\377\000M\000o\000d\000e\000l\000\040\000D\000a\000t\000a\000\040\000D\000i\000m\000e\000n\000s\000i\000o\000n\000a\000l}{subsection.1.11}% 17
\BOOKMARK [2][-]{subsection.1.12}{\376\377\000P\000e\000n\000g\000a\000n\000t\000a\000r\000\040\000N\000o\000r\000m\000a\000l\000i\000s\000a\000s\000i\000\040\000B\000a\000s\000i\000s\000\040\000D\000a\000t\000a}{section.1}% 18
\BOOKMARK [2][-]{subsection.1.13}{\376\377\000T\000i\000n\000g\000k\000a\000t\000a\000n\000\040\000N\000o\000r\000m\000a\000l\000i\000s\000a\000s\000i}{section.1}% 19
\BOOKMARK [3][-]{subsubsection.1.13.1}{\376\377\000F\000i\000r\000s\000t\000\040\000N\000o\000r\000m\000a\000l\000\040\000F\000o\000r\000m\000\050\0001\000N\000F\000\051}{subsection.1.13}% 20
\BOOKMARK [3][-]{subsubsection.1.13.2}{\376\377\000S\000e\000c\000o\000n\000d\000\040\000N\000o\000r\000m\000a\000l\000\040\000F\000o\000r\000m\000\050\0002\000N\000F\000\051}{subsection.1.13}% 21
\BOOKMARK [3][-]{subsubsection.1.13.3}{\376\377\000T\000h\000i\000r\000d\000\040\000N\000o\000r\000m\000a\000l\000\040\000F\000o\000r\000m\000\040\000\050\0003\000N\000D\000\051}{subsection.1.13}% 22
\BOOKMARK [2][-]{subsection.1.14}{\376\377\000P\000e\000n\000g\000e\000n\000a\000l\000a\000n\000\040\000M\000y\000S\000Q\000L\000\040\000W\000o\000r\000k\000b\000e\000n\000c\000h}{section.1}% 23
\BOOKMARK [3][-]{subsubsection.1.14.1}{\376\377\000F\000i\000t\000u\000r\000\040\000U\000t\000a\000m\000a\000\040\000M\000y\000S\000Q\000L\000\040\000W\000o\000r\000k\000b\000e\000n\000c\000h}{subsection.1.14}% 24
\BOOKMARK [3][-]{subsubsection.1.14.2}{\376\377\000M\000e\000m\000b\000u\000a\000t\000\040\000P\000e\000n\000g\000g\000u\000n\000a\000\040\000B\000a\000r\000u}{subsection.1.14}% 25
\BOOKMARK [3][-]{subsubsection.1.14.3}{\376\377\000M\000e\000m\000b\000u\000a\000t\000\040\000K\000o\000n\000e\000k\000s\000i\000\040\000M\000y\000S\000Q\000L\000\040\000B\000a\000r\000u}{subsection.1.14}% 26
\BOOKMARK [2][-]{subsection.1.15}{\376\377\000D\000a\000t\000a\000\040\000M\000a\000n\000a\000g\000e\000m\000e\000n\000t\000\040\000d\000i\000\040\000M\000y\000S\000Q\000L\000\040\000W\000o\000r\000k\000b\000e\000n\000c\000h}{section.1}% 27
\BOOKMARK [3][-]{subsubsection.1.15.1}{\376\377\000M\000e\000m\000b\000u\000a\000t\000\040\000S\000k\000e\000m\000a\000\040\000D\000a\000t\000a\000b\000a\000s\000e}{subsection.1.15}% 28
\BOOKMARK [3][-]{subsubsection.1.15.2}{\376\377\000M\000e\000m\000b\000u\000a\000t\000\040\000T\000a\000b\000e\000l}{subsection.1.15}% 29
\BOOKMARK [3][-]{subsubsection.1.15.3}{\376\377\000M\000e\000n\000g\000e\000l\000o\000l\000a\000\040\000D\000a\000t\000a}{subsection.1.15}% 30
\BOOKMARK [3][-]{subsubsection.1.15.4}{\376\377\000M\000e\000m\000b\000u\000a\000t\000\040\000V\000i\000e\000w}{subsection.1.15}% 31
\BOOKMARK [3][-]{subsubsection.1.15.5}{\376\377\000S\000i\000n\000t\000a\000k\000s\000\040\000P\000e\000n\000t\000i\000n\000g}{subsection.1.15}% 32
\BOOKMARK [2][-]{subsection.1.16}{\376\377\000D\000a\000t\000a\000b\000a\000s\000e\000\040\000M\000o\000d\000e\000l\000i\000n\000g\000\040\000d\000i\000\040\000M\000y\000S\000Q\000L\000\040\000W\000o\000r\000k\000b\000e\000n\000c\000h}{section.1}% 33
\BOOKMARK [3][-]{subsubsection.1.16.1}{\376\377\000M\000e\000m\000b\000u\000a\000t\000\040\000M\000o\000d\000e\000l\000\040\000D\000a\000t\000a\000b\000a\000s\000e}{subsection.1.16}% 34
\BOOKMARK [3][-]{subsubsection.1.16.2}{\376\377\000L\000a\000n\000g\000k\000a\000h\000-\000l\000a\000n\000g\000k\000a\000h\000\040\000M\000e\000m\000b\000u\000a\000t\000\040\000M\000o\000d\000e\000l}{subsection.1.16}% 35
\BOOKMARK [3][-]{subsubsection.1.16.3}{\376\377\000M\000e\000n\000a\000m\000b\000a\000h\000k\000a\000n\000\040\000T\000a\000b\000e\000l\000\040\000d\000a\000n\000\040\000K\000o\000l\000o\000m}{subsection.1.16}% 36
\BOOKMARK [3][-]{subsubsection.1.16.4}{\376\377\000M\000e\000n\000g\000a\000t\000u\000r\000\040\000F\000o\000r\000e\000i\000g\000n\000\040\000K\000e\000y}{subsection.1.16}% 37
\BOOKMARK [3][-]{subsubsection.1.16.5}{\376\377\000M\000e\000n\000y\000i\000m\000p\000a\000n\000\040\000d\000a\000n\000\040\000M\000e\000n\000g\000i\000m\000p\000l\000e\000m\000e\000n\000t\000a\000s\000i\000k\000a\000n\000\040\000M\000o\000d\000e\000l}{subsection.1.16}% 38
\BOOKMARK [3][-]{subsubsection.1.16.6}{\376\377\000R\000e\000v\000e\000r\000s\000e\000\040\000E\000n\000g\000i\000n\000e\000e\000r\000i\000n\000g}{subsection.1.16}% 39
\BOOKMARK [2][-]{subsection.1.17}{\376\377\000M\000y\000S\000Q\000L\000\040\000W\000o\000r\000k\000b\000e\000n\000c\000h\000\040\000u\000n\000t\000u\000k\000\040\000D\000a\000t\000a\000\040\000M\000o\000d\000e\000l\000i\000n\000g\000\040\000d\000a\000n\000\040\000D\000a\000t\000a\000\040\000M\000a\000n\000a\000g\000e\000m\000e\000n\000t}{section.1}% 40
\BOOKMARK [3][-]{subsubsection.1.17.1}{\376\377\000O\000v\000e\000r\000v\000i\000e\000w}{subsection.1.17}% 41
\BOOKMARK [3][-]{subsubsection.1.17.2}{\376\377\000V\000i\000s\000u\000a\000l\000\040\000D\000a\000t\000a\000b\000a\000s\000e\000\040\000D\000e\000s\000i\000g\000n}{subsection.1.17}% 42
\BOOKMARK [3][-]{subsubsection.1.17.3}{\376\377\000F\000o\000r\000w\000a\000r\000d\000\040\000a\000n\000d\000\040\000R\000e\000v\000e\000r\000s\000e\000\040\000E\000n\000g\000i\000n\000e\000e\000r\000\040\000M\000e\000t\000h\000o\000d\000s}{subsection.1.17}% 43
\BOOKMARK [3][-]{subsubsection.1.17.4}{\376\377\000D\000a\000t\000a\000b\000a\000s\000e\000\040\000M\000a\000n\000a\000g\000e\000m\000e\000n\000t}{subsection.1.17}% 44
\BOOKMARK [3][-]{subsubsection.1.17.5}{\376\377\000D\000a\000t\000a\000b\000a\000s\000e\000\040\000D\000o\000c\000u\000m\000e\000n\000t\000a\000t\000i\000o\000n}{subsection.1.17}% 45
\BOOKMARK [3][-]{subsubsection.1.17.6}{\376\377\000V\000i\000s\000u\000a\000l\000\040\000S\000Q\000L\000\040\000E\000d\000i\000t\000o\000r}{subsection.1.17}% 46
\BOOKMARK [3][-]{subsubsection.1.17.7}{\376\377\000V\000i\000s\000u\000a\000l\000\040\000D\000a\000t\000a\000b\000a\000s\000e\000\040\000A\000d\000m\000i\000n\000i\000s\000t\000r\000a\000t\000i\000o\000n}{subsection.1.17}% 47
\BOOKMARK [3][-]{subsubsection.1.17.8}{\376\377\000D\000a\000t\000a\000\040\000M\000a\000n\000a\000g\000e\000m\000e\000n\000t}{subsection.1.17}% 48
\BOOKMARK [3][-]{subsubsection.1.17.9}{\376\377\000D\000a\000t\000a\000\040\000M\000i\000g\000r\000a\000t\000i\000o\000n}{subsection.1.17}% 49
\BOOKMARK [1][-]{section.2}{\376\377\000D\000a\000t\000a\000\040\000W\000a\000r\000e\000h\000o\000u\000s\000i\000n\000g}{}% 50
\BOOKMARK [2][-]{subsection.2.1}{\376\377\000A\000p\000a\000\040\000i\000t\000u\000\040\000D\000a\000t\000a\000\040\000W\000a\000r\000e\000h\000o\000u\000s\000e\000?}{section.2}% 51
\BOOKMARK [2][-]{subsection.2.2}{\376\377\000K\000a\000r\000a\000k\000t\000e\000r\000i\000s\000t\000i\000k\000\040\000U\000t\000a\000m\000a\000\040\000D\000a\000t\000a\000\040\000W\000a\000r\000e\000h\000o\000u\000s\000e}{section.2}% 52
\BOOKMARK [3][-]{subsubsection.2.2.1}{\376\377\000S\000u\000b\000j\000e\000c\000t\000-\000O\000r\000i\000e\000n\000t\000e\000d}{subsection.2.2}% 53
\BOOKMARK [3][-]{subsubsection.2.2.2}{\376\377\000I\000n\000t\000e\000g\000r\000a\000t\000e\000d}{subsection.2.2}% 54
\BOOKMARK [3][-]{subsubsection.2.2.3}{\376\377\000N\000o\000n\000-\000V\000o\000l\000a\000t\000i\000l\000e}{subsection.2.2}% 55
\BOOKMARK [3][-]{subsubsection.2.2.4}{\376\377\000t\000i\000m\000e\000-\000V\000a\000r\000i\000a\000n\000t}{subsection.2.2}% 56
\BOOKMARK [2][-]{subsection.2.3}{\376\377\000J\000e\000n\000i\000s\000\040\000D\000a\000t\000a\000\040\000d\000a\000l\000a\000m\000\040\000D\000a\000t\000a\000\040\000W\000a\000r\000e\000h\000o\000u\000s\000e}{section.2}% 57
\BOOKMARK [3][-]{subsubsection.2.3.1}{\376\377\000S\000t\000r\000u\000c\000t\000u\000r\000e\000d\000\040\000D\000a\000t\000a}{subsection.2.3}% 58
\BOOKMARK [3][-]{subsubsection.2.3.2}{\376\377\000S\000e\000m\000i\000-\000S\000t\000r\000u\000c\000t\000u\000r\000e\000d\000\040\000D\000a\000t\000a}{subsection.2.3}% 59
\BOOKMARK [3][-]{subsubsection.2.3.3}{\376\377\000U\000n\000s\000t\000r\000u\000c\000t\000u\000r\000e\000d\000\040\000D\000a\000t\000a}{subsection.2.3}% 60
\BOOKMARK [2][-]{subsection.2.4}{\376\377\000K\000o\000m\000p\000o\000n\000e\000n\000\040\000A\000r\000s\000i\000t\000e\000k\000t\000u\000r\000\040\000D\000a\000t\000a\000\040\000W\000a\000r\000e\000h\000o\000u\000s\000e}{section.2}% 61
\BOOKMARK [2][-]{subsection.2.5}{\376\377\000P\000e\000n\000y\000i\000m\000p\000a\000n\000a\000n\000\040\000d\000a\000n\000\040\000M\000e\000t\000a\000d\000a\000t\000a}{section.2}% 62
\BOOKMARK [2][-]{subsection.2.6}{\376\377\000D\000a\000t\000a\000\040\000M\000a\000r\000t\000s\000\040\000d\000a\000n\000\040\000A\000n\000a\000l\000i\000s\000i\000s\000\040\000D\000a\000t\000a}{section.2}% 63
\BOOKMARK [2][-]{subsection.2.7}{\376\377\000P\000r\000a\000k\000t\000i\000k\000\040\000T\000e\000r\000b\000a\000i\000k\000\040\000t\000e\000r\000k\000a\000i\000t\000\040\000D\000a\000t\000a\000\040\000W\000a\000r\000e\000h\000o\000u\000s\000i\000n\000g}{section.2}% 64
\BOOKMARK [2][-]{subsection.2.8}{\376\377\000P\000e\000n\000d\000a\000l\000a\000m\000a\000n\000\040\000D\000a\000t\000a\000\040\000W\000a\000r\000e\000h\000o\000u\000s\000e\000\040\000E\000T\000L\000\040\000P\000r\000o\000c\000e\000s\000s}{section.2}% 65
\BOOKMARK [3][-]{subsubsection.2.8.1}{\376\377\000O\000v\000e\000r\000v\000i\000e\000w}{subsection.2.8}% 66
\BOOKMARK [3][-]{subsubsection.2.8.2}{\376\377\000B\000a\000g\000a\000i\000m\000a\000n\000a\000\040\000E\000T\000L\000\040\000B\000e\000k\000e\000r\000j\000a}{subsection.2.8}% 67
\BOOKMARK 