\BOOKMARK [1][-]{section.1}{\376\377\000M\000e\000m\000u\000l\000a\000i\000\040\000d\000e\000n\000g\000a\000n\000\040\000P\000y\000t\000h\000o\000n}{}% 1
\BOOKMARK [2][-]{subsection.1.1}{\376\377\000T\000e\000n\000t\000a\000n\000g\000\040\000P\000y\000t\000h\000o\000n}{section.1}% 2
\BOOKMARK [2][-]{subsection.1.2}{\376\377\000S\000e\000j\000a\000r\000a\000h\000\040\000P\000e\000m\000r\000o\000g\000r\000a\000m\000a\000n}{section.1}% 3
\BOOKMARK [2][-]{subsection.1.3}{\376\377\000D\000a\000s\000a\000r\000-\000d\000a\000s\000a\000r\000\040\000P\000e\000m\000r\000o\000g\000r\000a\000m\000a\000n}{section.1}% 4
\BOOKMARK [2][-]{subsection.1.4}{\376\377\000A\000p\000a\000\040\000i\000t\000u\000\040\000P\000e\000m\000r\000o\000g\000r\000a\000m\000a\000n\000?}{section.1}% 5
\BOOKMARK [2][-]{subsection.1.5}{\376\377\000M\000a\000n\000f\000a\000a\000t\000\040\000B\000e\000l\000a\000j\000a\000r\000\040\000P\000y\000t\000h\000o\000n}{section.1}% 6
\BOOKMARK [2][-]{subsection.1.6}{\376\377\000A\000p\000l\000i\000k\000a\000s\000i\000\040\000P\000y\000t\000h\000o\000n}{section.1}% 7
\BOOKMARK [2][-]{subsection.1.7}{\376\377\000M\000e\000n\000j\000a\000l\000a\000n\000k\000a\000n\000\040\000P\000y\000t\000h\000o\000n\000\040\000d\000i\000\040\000C\000o\000m\000m\000a\000n\000d\000\040\000L\000i\000n\000e}{section.1}% 8
\BOOKMARK [2][-]{subsection.1.8}{\376\377\000S\000i\000n\000t\000a\000k\000s\000i\000s\000\040\000P\000y\000t\000h\000o\000n\000\040\000d\000a\000n\000\040\000P\000e\000n\000t\000i\000n\000g\000n\000y\000a\000\040\000S\000p\000a\000s\000i}{section.1}% 9
\BOOKMARK [2][-]{subsection.1.9}{\376\377\000M\000e\000m\000b\000e\000r\000i\000\040\000K\000o\000m\000e\000n\000t\000a\000r\000\040\000p\000a\000d\000a\000\040\000K\000o\000d\000e}{section.1}% 10
\BOOKMARK [3][-]{subsubsection.1.9.1}{\376\377\000S\000i\000n\000g\000l\000e\000-\000l\000i\000n\000e\000\040\000c\000o\000m\000m\000e\000n\000t\000s}{subsection.1.9}% 11
\BOOKMARK [3][-]{subsubsection.1.9.2}{\376\377\000M\000u\000l\000t\000i\000-\000l\000i\000n\000e\000\040\000c\000o\000m\000m\000e\000n\000t\000s}{subsection.1.9}% 12
\BOOKMARK [3][-]{subsubsection.1.9.3}{\376\377\000I\000n\000l\000i\000n\000e\000\040\000c\000o\000m\000m\000e\000n\000t\000s}{subsection.1.9}% 13
\BOOKMARK [2][-]{subsection.1.10}{\376\377\000P\000e\000n\000g\000e\000r\000t\000i\000a\000n\000\040\000V\000a\000r\000i\000a\000b\000e\000l}{section.1}% 14
\BOOKMARK [2][-]{subsection.1.11}{\376\377\000P\000e\000n\000a\000m\000a\000a\000n\000\040\000V\000a\000r\000i\000a\000b\000e\000l}{section.1}% 15
\BOOKMARK [2][-]{subsection.1.12}{\376\377\000M\000e\000n\000g\000u\000b\000a\000h\000\040\000d\000a\000n\000\040\000M\000e\000n\000g\000h\000a\000p\000u\000s\000\040\000V\000a\000r\000i\000a\000b\000e\000l}{section.1}% 16
\BOOKMARK [2][-]{subsection.1.13}{\376\377\000D\000e\000k\000l\000a\000r\000a\000s\000i\000\040\000B\000e\000b\000e\000r\000a\000p\000a\000\040\000V\000a\000r\000i\000a\000b\000e\000l}{section.1}% 17
\BOOKMARK [2][-]{subsection.1.14}{\376\377\000T\000i\000p\000e\000\040\000D\000a\000t\000a\000\040\000d\000a\000l\000a\000m\000\040\000P\000y\000t\000h\000o\000n}{section.1}% 18
\BOOKMARK [2][-]{subsection.1.15}{\376\377\000J\000e\000n\000i\000s\000\040\000T\000i\000p\000e\000\040\000D\000a\000t\000a\000\040\000U\000t\000a\000m\000a}{section.1}% 19
\BOOKMARK [2][-]{subsection.1.16}{\376\377\000M\000e\000n\000e\000n\000t\000u\000k\000a\000n\000\040\000T\000i\000p\000e\000\040\000D\000a\000t\000a}{section.1}% 20
\BOOKMARK [2][-]{subsection.1.17}{\376\377\000D\000e\000k\000l\000a\000r\000a\000s\000i\000\040\000S\000t\000r\000i\000n\000g\000s}{section.1}% 21
\BOOKMARK [2][-]{subsection.1.18}{\376\377\000M\000e\000n\000g\000a\000k\000s\000e\000s\000\040\000d\000a\000n\000\040\000M\000e\000n\000g\000u\000b\000a\000h\000\040\000S\000t\000r\000i\000n\000g}{section.1}% 22
\BOOKMARK [2][-]{subsection.1.19}{\376\377\000F\000u\000n\000g\000s\000i\000\040\000d\000a\000n\000\040\000O\000p\000e\000r\000a\000s\000i\000\040\000p\000a\000d\000a\000\040\000S\000t\000r\000i\000n\000g\000s}{section.1}% 23
\BOOKMARK [2][-]{subsection.1.20}{\376\377\000C\000o\000n\000t\000o\000h\000\040\000P\000e\000n\000g\000g\000u\000n\000a\000a\000n}{section.1}% 24
\BOOKMARK [2][-]{subsection.1.21}{\376\377\000C\000h\000e\000a\000t\000s\000h\000e\000e\000t\000s\000\040\000T\000i\000p\000e\000\040\000D\000a\000t\000a\000\040\000d\000a\000n\000\040\000F\000u\000n\000g\000s\000i}{section.1}% 25
\BOOKMARK [3][-]{subsubsection.1.21.1}{\376\377\000T\000i\000p\000e\000\040\000D\000a\000t\000a}{subsection.1.21}% 26
\BOOKMARK [3][-]{subsubsection.1.21.2}{\376\377\000F\000l\000o\000w\000\040\000C\000o\000n\000t\000r\000o\000l}{subsection.1.21}% 27
\BOOKMARK [3][-]{subsubsection.1.21.3}{\376\377\000I\000n\000d\000e\000n\000t\000a\000s\000i}{subsection.1.21}% 28
\BOOKMARK [3][-]{subsubsection.1.21.4}{\376\377\000K\000o\000m\000e\000n\000t\000a\000r}{subsection.1.21}% 29
\BOOKMARK [3][-]{subsubsection.1.21.5}{\376\377\000B\000u\000i\000l\000t\000-\000i\000n\000\040\000F\000u\000n\000c\000t\000i\000o\000n\000s}{subsection.1.21}% 30
\BOOKMARK [3][-]{subsubsection.1.21.6}{\376\377\000M\000e\000m\000b\000u\000a\000t\000\040\000F\000u\000n\000g\000s\000i}{subsection.1.21}% 31
\BOOKMARK [2][-]{subsection.1.22}{\376\377\000A\000p\000a\000\040\000i\000t\000u\000\040\000T\000y\000p\000e\000c\000a\000s\000t\000i\000n\000g\000?}{section.1}% 32
\BOOKMARK [2][-]{subsection.1.23}{\376\377\000I\000m\000p\000l\000i\000c\000i\000t\000\040\000T\000y\000p\000e\000\040\000C\000o\000n\000v\000e\000r\000s\000i\000o\000n}{section.1}% 33
\BOOKMARK [2][-]{subsection.1.24}{\376\377\000E\000x\000p\000l\000i\000c\000i\000t\000\040\000T\000y\000p\000e\000\040\000C\000o\000n\000v\000e\000r\000s\000i\000o\000n}{section.1}% 34
\BOOKMARK [2][-]{subsection.1.25}{\376\377\000F\000u\000n\000g\000s\000i\000\040\000T\000y\000p\000e\000c\000a\000s\000t\000i\000n\000g\000\040\000L\000a\000i\000n\000n\000y\000a}{section.1}% 35
\BOOKMARK [2][-]{subsection.1.26}{\376\377\000F\000u\000n\000g\000s\000i\000\040\000I\000n\000p\000u\000t}{section.1}% 36
\BOOKMARK [2][-]{subsection.1.27}{\376\377\000F\000u\000n\000g\000s\000i\000\040\000P\000r\000i\000n\000t}{section.1}% 37
\BOOKMARK [2][-]{subsection.1.28}{\376\377\000P\000a\000r\000a\000m\000e\000t\000e\000r\000\040\000T\000a\000m\000b\000a\000h\000a\000n\000\040\000u\000n\000t\000u\000k\000\040\000P\000r\000i\000n\000t}{section.1}% 38
\BOOKMARK [2][-]{subsection.1.29}{\376\377\000C\000o\000n\000t\000o\000h\000\040\000P\000e\000n\000g\000g\000u\000n\000a\000a\000n\000\040\000I\000n\000p\000u\000t\000\040\000d\000a\000n\000\040\000P\000r\000i\000n\000t}{section.1}% 39
\BOOKMARK [2][-]{subsection.1.30}{\376\377\000P\000e\000n\000a\000n\000g\000a\000n\000a\000n\000\040\000T\000i\000p\000e\000\040\000D\000a\000t\000a}{section.1}% 40
\BOOKMARK [2][-]{subsection.1.31}{\376\377\000P\000e\000n\000g\000g\000a\000b\000u\000n\000g\000a\000n\000\040\000S\000t\000r\000i\000n\000g}{section.1}% 41
\BOOKMARK [2][-]{subsection.1.32}{\376\377\000M\000e\000l\000i\000h\000a\000t\000\040\000L\000e\000b\000i\000h\000\040\000D\000a\000l\000a\000m\000\040\000k\000e\000\040\000T\000y\000p\000e\000\040\000C\000a\000s\000t\000i\000n\000g}{section.1}% 42
\BOOKMARK [2][-]{subsection.1.33}{\376\377\000O\000p\000e\000r\000a\000t\000o\000r\000\040\000M\000a\000t\000e\000m\000a\000t\000i\000k\000a}{section.1}% 43
\BOOKMARK [2][-]{subsection.1.34}{\376\377\000O\000p\000e\000r\000a\000t\000o\000r\000\040\000L\000o\000g\000i\000k\000a}{section.1}% 44
\BOOKMARK [2][-]{subsection.1.35}{\376\377\000C\000o\000n\000t\000o\000h\000\040\000P\000e\000n\000g\000g\000u\000n\000a\000a\000n\000\040\000O\000p\000e\000r\000a\000t\000o\000r\000\040\000d\000a\000l\000a\000m\000\040\000P\000e\000r\000n\000y\000a\000t\000a\000a\000n\000\040\000K\000o\000n\000d\000i\000s\000i\000o\000n\000a\000l}{section.1}% 45
\BOOKMARK [2][-]{subsection.1.36}{\376\377\000A\000p\000a\000\040\000i\000t\000u\000\040\000C\000o\000n\000t\000r\000o\000l\000\040\000F\000l\000o\000w\000?}{section.1}% 46
\BOOKMARK [2][-]{subsection.1.37}{\376\377\000C\000o\000n\000d\000i\000t\000i\000o\000n\000a\000l\000\040\000S\000t\000a\000t\000e\000m\000e\000n\000t\000s}{section.1}% 47
\BOOKMARK [2][-]{subsection.1.38}{\376\377\000C\000o\000n\000t\000o\000h\000\040\000P\000e\000n\000g\000g\000u\000n\000a\000a\000n\000\040\000C\000o\000n\000t\000r\000o\000l\000\040\000F\000l\000o\000w}{section.1}% 48
\BOOKMARK [2][-]{subsection.1.39}{\376\377\000P\000e\000n\000g\000g\000u\000n\000a\000a\000n\000\040\000M\000a\000t\000c\000h\000\040\000S\000t\000a\000t\000e\000m\000e\000n\000t}{section.1}% 49
\BOOKMARK [2][-]{subsection.1.40}{\376\377\000P\000e\000r\000b\000a\000n\000d\000i\000n\000g\000a\000n\000\040\000d\000e\000n\000g\000a\000n\000\040\000i\000f\000\040\000S\000t\000a\000t\000e\000m\000e\000n\000t}{section.1}% 50
\BOOKMARK [2][-]{subsection.1.41}{\376\377\000F\000i\000t\000u\000r\000\040\000P\000e\000n\000t\000i\000n\000g\000\040\000d\000a\000r\000i\000\040\000M\000a\000t\000c\000h\000\040\000S\000t\000a\000t\000e\000m\000e\000n\000t}{section.1}% 51
\BOOKMARK [2][-]{subsection.1.42}{\376\377\000F\000o\000r\000\040\000L\000o\000o\000p}{section.1}% 52
\BOOKMARK [2][-]{subsection.1.43}{\376\377\000W\000h\000i\000l\000e\000\040\000L\000o\000o\000p}{section.1}% 53
\BOOKMARK [2][-]{subsection.1.44}{\376\377\000E\000n\000u\000m\000e\000r\000a\000t\000e\000\040\000F\000u\000n\000c\000t\000i\000o\000n}{section.1}% 54
\BOOKMARK [2][-]{subsection.1.45}{\376\377\000C\000a\000t\000a\000t\000a\000n\000\040\000P\000e\000n\000t\000i\000n\000g\000\040\000t\000e\000r\000k\000a\000i\000t\000\040\000L\000o\000o\000p\000i\000n\000g}{section.1}% 55
\BOOKMARK [2][-]{subsection.1.46}{\376\377\000P\000e\000n\000g\000e\000r\000t\000i\000a\000n\000\040\000N\000e\000s\000t\000e\000d\000\040\000L\000o\000o\000p\000s}{section.1}% 56
\BOOKMARK [2][-]{subsection.1.47}{\376\377\000C\000a\000r\000a\000\040\000K\000e\000r\000j\000a\000\040\000N\000e\000s\000t\000e\000d\000\040\000L\000o\000o\000p\000s}{section.1}% 57
\BOOKMARK [2][-]{subsection.1.48}{\376\377\000C\000o\000n\000t\000o\000h\000\040\000P\000e\000n\000g\000g\000u\000n\000a\000a\000n\000\040\000N\000e\000s\000t\000e\000d\000\040\000L\000o\000o\000p\000s}{section.1}% 58
\BOOKMARK [2][-]{subsection.1.49}{\376\377\000V\000i\000s\000u\000a\000l\000i\000s\000a\000s\000i\000\040\000N\000e\000s\000t\000e\000d\000\040\000L\000o\000o\000p\000s}{section.1}% 59
\BOOKMARK [2][-]{subsection.1.50}{\376\377\000K\000o\000m\000p\000l\000e\000k\000s\000i\000t\000a\000s\000\040\000W\000a\000k\000t\000u}{section.1}% 60
\BOOKMARK [1][-]{section.2}{\376\377\000D\000a\000s\000a\000r\000\040\000P\000r\000o\000g\000r\000a\000m\000m\000i\000n\000g\000\040\000d\000e\000n\000g\000a\000n\000\040\000P\000y\000t\000h\000o\000n}{}% 61
\BOOKMARK [2][-]{subsection.2.1}{\376\377\000D\000e\000f\000i\000n\000i\000s\000i\000\040\000F\000u\000n\000g\000s\000i}{section.2}% 62
\BOOKMARK [2][-]{subsection.2.2}{\376\377\000C\000a\000r\000a\000\040\000M\000e\000n\000d\000e\000k\000l\000a\000r\000a\000s\000i\000k\000a\000n\000\040\000F\000u\000n\000g\000s\000i}{section.2}% 63
\BOOKMARK [2][-]{subsection.2.3}{\376\377\000P\000e\000n\000g\000g\000u\000n\000a\000a\000n\000\040\000F\000u\000n\000g\000s\000i}{section.2}% 64
\BOOKMARK [2][-]{subsection.2.4}{\376\377\000C\000o\000n\000t\000o\000h\000\040\000P\000r\000a\000k\000t\000i\000s}{section.2}% 65
\BOOKMARK [2][-]{subsection.2.5}{\376\377\000K\000e\000u\000n\000t\000u\000n\000g\000a\000n\000\040\000M\000e\000n\000g\000g\000u\000n\000a\000k\000a\000n\000\040\000F\000u\000n\000g\000s\000i}{section.2}% 66
\BOOKMARK [2][-]{subsection.2.6}{\376\377\000J\000e\000n\000i\000s\000-\000j\000e\000n\000i\000s\000\040\000S\000c\000o\000p\000e}{section.2}% 67
\BOOKMARK [2][-]{subsection.2.7}{\376\377\000P\000e\000n\000j\000e\000l\000a\000s\000a\000n\000\040\000d\000a\000n\000\040\000C\000o\000n\000t\000o\000h}{section.2}% 68
\BOOKMARK [2][-]{subsection.2.8}{\376\377\000A\000p\000a\000\040\000i\000t\000u\000\040\000S\000t\000r\000u\000k\000t\000u\000r\000\040\000D\000a\000t\000a\000?}{section.2}% 69
\BOOKMARK [3][-]{subsubsection.2.8.1}{\376\377\000M\000u\000t\000a\000b\000i\000l\000i\000t\000a\000s\000\040\000d\000a\000n\000\040\000I\000m\000u\000t\000a\000b\000i\000l\000i\000t\000a\000s}{subsection.2.8}% 70
\BOOKMARK [2][-]{subsection.2.9}{\376\377\000P\000e\000n\000g\000e\000r\000t\000i\000a\000n\000\040\000L\000i\000s\000t}{section.2}% 71
\BOOKMARK [2][-]{subsection.2.10}{\376\377\000D\000e\000k\000l\000a\000r\000a\000s\000i\000\040\000L\000i\000s\000t}{section.2}% 72
\BOOKMARK [2][-]{subsection.2.11}{\376\377\000A\000k\000s\000e\000s\000\040\000d\000a\000n\000\040\000I\000n\000d\000e\000k\000s\000\040\000L\000i\000s\000t}{section.2}% 73
\BOOKMARK [2][-]{subsection.2.12}{\376\377\000L\000i\000s\000t\000\040\000B\000e\000r\000s\000a\000r\000a\000n\000g}{section.2}% 74
\BOOKMARK [2][-]{subsection.2.13}{\376\377\000M\000e\000n\000a\000m\000b\000a\000h\000k\000a\000n\000\040\000I\000t\000e\000m\000\040\000k\000e\000\040\000L\000i\000s\000t}{section.2}% 75
\BOOKMARK [2][-]{subsection.2.14}{\376\377\000M\000e\000n\000g\000h\000a\000p\000u\000s\000\040\000I\000t\000e\000m\000\040\000d\000a\000r\000i\000\040\000L\000i\000s\000t}{section.2}% 76
\BOOKMARK [2][-]{subsection.2.15}{\376\377\000I\000t\000e\000r\000a\000s\000i\000\040\000M\000e\000l\000a\000l\000u\000i\000\040\000L\000i\000s\000t}{section.2}% 77
\BOOKMARK [2][-]{subsection.2.16}{\376\377\000A\000p\000a\000\040\000i\000t\000u\000\040\000T\000u\000p\000l\000e\000?}{section.2}% 78
\BOOKMARK [2][-]{subsection.2.17}{\376\377\000C\000a\000r\000a\000\040\000M\000e\000n\000d\000e\000k\000l\000a\000r\000a\000s\000i\000k\000a\000n\000\040\000T\000u\000p\000l\000e}{section.2}% 79
\BOOKMARK [2][-]{subsection.2.18}{\376\377\000M\000e\000n\000g\000a\000k\000s\000e\000s\000\040\000E\000l\000e\000m\000e\000n\000\040\000d\000a\000l\000a\000m\000\040\000T\000u\000p\000l\000e}{section.2}% 80
\BOOKMARK [2][-]{subsection.2.19}{\376\377\000M\000e\000n\000e\000n\000t\000u\000k\000a\000n\000\040\000T\000i\000p\000e\000\040\000T\000u\000p\000l\000e}{section.2}% 81
\BOOKMARK [2][-]{subsection.2.20}{\376\377\000M\000e\000t\000o\000d\000e\000\040\000p\000a\000d\000a\000\040\000T\000u\000p\000l\000e}{section.2}% 82
\BOOKMARK [2][-]{subsection.2.21}{\376\377\000P\000e\000r\000b\000e\000d\000a\000a\000n\000\040\000a\000n\000t\000a\000r\000a\000\040\000T\000u\000p\000l\000e\000\040\000d\000a\000n\000\040\000L\000i\000s\000t}{section.2}% 83
\BOOKMARK [2][-]{subsection.2.22}{\376\377\000D\000e\000f\000i\000n\000i\000s\000i\000\040\000S\000e\000t\000s}{section.2}% 84
\BOOKMARK [2][-]{subsection.2.23}{\376\377\000O\000p\000e\000r\000a\000s\000i\000\040\000D\000a\000s\000a\000r\000\040\000p\000a\000d\000a\000\040\000S\000e\000t\000s}{section.2}% 85
\BOOKMARK [2][-]{subsection.2.24}{\376\377\000O\000p\000e\000r\000a\000s\000i\000\040\000M\000a\000t\000e\000m\000a\000t\000i\000k\000a\000\040\000p\000a\000d\000a\000\040\000S\000e\000t\000s}{section.2}% 86
\BOOKMARK [2][-]{subsection.2.25}{\376\377\000C\000a\000t\000a\000t\000a\000n\000\040\000P\000e\000n\000t\000i\000n\000g\000\040\000T\000e\000r\000k\000a\000i\000t\000\040\000S\000e\000t}{section.2}% 87
\BOOKMARK [2][-]{subsection.2.26}{\376\377\000A\000p\000a\000\040\000i\000t\000u\000\040\000D\000i\000c\000t\000i\000o\000n\000a\000r\000y\000?}{section.2}% 88
\BOOKMARK [2][-]{subsection.2.27}{\376\377\000K\000e\000u\000n\000t\000u\000n\000g\000a\000n\000\040\000M\000e\000n\000g\000g\000u\000n\000a\000k\000a\000n\000\040\000D\000i\000c\000t\000i\000o\000n\000a\000r\000y}{section.2}% 89
\BOOKMARK [2][-]{subsection.2.28}{\376\377\000C\000a\000r\000a\000\040\000M\000e\000n\000g\000a\000k\000s\000e\000s\000\040\000d\000a\000n\000\040\000M\000e\000m\000a\000n\000i\000p\000u\000l\000a\000s\000i\000\040\000D\000i\000c\000t\000i\000o\000n\000a\000r\000y}{section.2}% 90
\BOOKMARK [2][-]{subsection.2.29}{\376\377\000I\000t\000e\000r\000a\000s\000i\000\040\000M\000e\000l\000a\000l\000u\000i\000\040\000D\000i\000c\000t\000i\000o\000n\000a\000r\000y}{section.2}% 91
\BOOKMARK [2][-]{subsection.2.30}{\376\377\000C\000o\000n\000t\000o\000h\000\040\000P\000e\000m\000b\000u\000a\000t\000a\000n\000\040\000d\000a\000n\000\040\000P\000e\000n\000g\000g\000u\000n\000a\000a\000n\000\040\000D\000i\000c\000t\000i\000o\000n\000a\000r\000y}{section.2}% 92
\BOOKMARK [2][-]{subsection.2.31}{\376\377\000A\000p\000a\000\040\000i\000t\000u\000\040\000a\000r\000g\000s\000?}{section.2}% 93
\BOOKMARK [2][-]{subsection.2.32}{\376\377\000A\000p\000a\000\040\000i\000t\000u\000\040\000k\000w\000a\000r\000g\000s\000?}{section.2}% 94
\BOOKMARK [2][-]{subsection.2.33}{\376\377\000S\000t\000r\000u\000k\000t\000u\000r\000\040\000d\000a\000t\000a\000\040\000m\000a\000n\000a\000\040\000y\000a\000n\000g\000\040\000h\000a\000r\000u\000s\000\040\000d\000i\000p\000i\000l\000i\000h\000?}{section.2}% 95
\BOOKMARK [3][-]{subsubsection.2.33.1}{\376\377\000C\000o\000n\000t\000o\000h\000:\000\040\000D\000a\000f\000t\000a\000r\000\040\000P\000e\000g\000a\000w\000a\000i}{subsection.2.33}% 96
\BOOKMARK [2][-]{subsection.2.34}{\376\377\000E\000r\000r\000o\000r\000s}{section.2}% 97
\BOOKMARK [2][-]{subsection.2.35}{\376\377\000E\000x\000c\000e\000p\000t\000i\000o\000n\000s}{section.2}% 98
\BOOKMARK [2][-]{subsection.2.36}{\376\377\000P\000e\000n\000a\000n\000g\000a\000n\000a\000n\000\040\000E\000x\000c\000e\000p\000t\000i\000o\000n\000s}{section.2}% 99
\BOOKMARK [2][-]{subsection.2.37}{\376\377\000P\000e\000n\000a\000n\000g\000a\000n\000a\000n\000\040\000E\000x\000c\000e\000p\000t\000i\000o\000n\000s}{section.2}% 100
\BOOKMARK [2][-]{subsection.2.38}{\376\377\000M\000e\000n\000g\000a\000k\000s\000e\000s\000\040\000I\000n\000f\000o\000r\000m\000a\000s\000i\000\040\000E\000x\000c\000e\000p\000t\000i\000o\000n}{section.2}% 101
\BOOKMARK [2][-]{subsection.2.39}{\376\377\000M\000e\000n\000a\000n\000g\000a\000n\000i\000\040\000B\000e\000b\000e\000r\000a\000p\000a\000\040\000E\000x\000c\000e\000p\000t\000i\000o\000n\000s}{section.2}% 102
\BOOKMARK [2][-]{subsection.2.40}{\376\377\000F\000i\000l\000e\000\040\000H\000a\000n\000d\000l\000i\000n\000g\000:\000\040\000o\000p\000e\000n\000\040\000d\000a\000n\000\040\000c\000l\000o\000s\000e}{section.2}% 103
\BOOKMARK [2][-]{subsection.2.41}{\376\377\000W\000i\000t\000h\000\040\000S\000t\000a\000t\000e\000m\000e\000n\000t}{section.2}% 104
\BOOKMARK [2][-]{subsection.2.42}{\376\377\000M\000e\000m\000b\000u\000a\000t\000\040\000F\000i\000l\000e}{section.2}% 105
\BOOKMARK [2][-]{subsection.2.43}{\376\377\000M\000e\000n\000y\000i\000s\000i\000p\000k\000a\000n\000\040\000K\000o\000n\000t\000e\000n}{section.2}% 106
\BOOKMARK [2][-]{subsection.2.44}{\376\377\000M\000e\000n\000g\000g\000a\000n\000t\000i\000\040\000d\000a\000n\000\040\000M\000e\000n\000a\000m\000b\000a\000h\000k\000a\000n\000\040\000K\000o\000n\000t\000e\000n}{section.2}% 107
\BOOKMARK [2][-]{subsection.2.45}{\376\377\000M\000e\000n\000a\000n\000g\000a\000n\000i\000\040\000K\000e\000s\000a\000l\000a\000h\000a\000n\000\040\000\050\000E\000x\000c\000e\000p\000t\000i\000o\000n\000\051}{section.2}% 108
\BOOKMARK [2][-]{subsection.2.46}{\376\377\000M\000e\000t\000o\000d\000e\000\040\000u\000n\000t\000u\000k\000\040\000M\000e\000m\000b\000a\000c\000a\000\040\000F\000i\000l\000e}{section.2}% 109
\BOOKMARK [2][-]{subsection.2.47}{\376\377\000J\000a\000l\000u\000r\000\040\000F\000i\000l\000e}{section.2}% 110
\BOOKMARK [2][-]{subsection.2.48}{\376\377\000C\000o\000n\000t\000o\000h\000\040\000P\000e\000n\000g\000g\000u\000n\000a\000a\000n\000\040\000O\000p\000e\000n\000\040\000S\000t\000a\000t\000e\000m\000e\000n\000t}{section.2}% 111
\BOOKMARK [1][-]{section.3}{\376\377\000P\000a\000r\000a\000d\000i\000g\000m\000a\000\040\000P\000e\000m\000r\000o\000g\000r\000a\000m\000a\000n}{}% 112
\BOOKMARK [1][-]{section.4}{\376\377\000M\000o\000d\000u\000l\000,\000\040\000P\000a\000k\000e\000t\000,\000\040\000P\000u\000s\000t\000a\000k\000a\000,\000\040\000a\000n\000d\000\040\000A\000l\000a\000t\000-\000a\000l\000a\000t}{}% 113
